// Jest Snapshot v1, https://goo.gl/fbAQLP

exports[`<Grid /> should match snapshot 1`] = `"<div class=\\"rex-grid\\" role=\\"presentation\\"><h1>Hello ReX React Component Starter Kit!!</h1></div>"`;
